## mode=human
products => Showing 25 of 100 products (page 1, per-page 25). Use --all for full results.
orders => Showing 25 of 100 orders (page 1, per-page 25). Use --all for full results.
customers => Showing 25 of 100 customers (page 1, per-page 25). Use --all for full results.
collections => Showing 25 of 100 collections (page 1, per-page 25). Use --all for full results.
coupons => Showing 25 of 100 coupons (page 1, per-page 25). Use --all for full results.
pages => Showing 25 of 100 pages (page 1, per-page 25). Use --all for full results.
menus => Showing 25 of 100 menus (page 1, per-page 25). Use --all for full results.
notifications => Showing 25 of 100 notifications (page 1, per-page 25). Use --all for full results.
blogs => Showing 25 of 100 blogs (page 1, per-page 25). Use --all for full results.
articles => Showing 25 of 100 articles (page 1, per-page 25). Use --all for full results.
channels => Showing 25 of 100 channels (page 1, per-page 25). Use --all for full results.
entries => Showing 25 of 100 entries (page 1, per-page 25). Use --all for full results.
uploads => Showing 25 of 100 uploads (page 1, per-page 25). Use --all for full results.
webhooks => Showing 25 of 100 webhooks (page 1, per-page 25). Use --all for full results.
sites => Showing 25 of 100 sites (page 1, per-page 25). Use --all for full results.

## mode=json
products => <empty>
orders => <empty>
customers => <empty>
collections => <empty>
coupons => <empty>
pages => <empty>
menus => <empty>
notifications => <empty>
blogs => <empty>
articles => <empty>
channels => <empty>
entries => <empty>
uploads => <empty>
webhooks => <empty>
sites => <empty>

## mode=plain
products => <empty>
orders => <empty>
customers => <empty>
collections => <empty>
coupons => <empty>
pages => <empty>
menus => <empty>
notifications => <empty>
blogs => <empty>
articles => <empty>
channels => <empty>
entries => <empty>
uploads => <empty>
webhooks => <empty>
sites => <empty>
